// Jest Snapshot v1, https://goo.gl/fbAQLP

exports[`render success should match the snapshot 1`] = `
<div>
  <div
    className="ant-page-header ant-page-header-ghost"
  />
  <div
    className="ant-divider ant-divider-horizontal"
    role="separator"
  />
  <div
    className="ant-row"
    style={
      Object {
        "marginBottom": 8,
        "marginLeft": -8,
        "marginRight": -8,
        "marginTop": -8,
      }
    }
  >
    <div
      className="ant-col ant-col-4"
      style={
        Object {
          "paddingBottom": 8,
          "paddingLeft": 8,
          "paddingRight": 8,
          "paddingTop": 8,
        }
      }
    >
      <div>
        <span
          className="ant-avatar ant-avatar-square ant-avatar-image"
          style={
            Object {
              "fontSize": 18,
              "height": 100,
              "lineHeight": "100px",
              "width": 100,
            }
          }
        >
          <img
            onError={[Function]}
            src="http://test.com/avatar.jpeg"
          />
        </span>
      </div>
    </div>
    <div
      className="ant-col ant-col-10 ant-col-offset-2"
      style={
        Object {
          "paddingBottom": 8,
          "paddingLeft": 8,
          "paddingRight": 8,
          "paddingTop": 8,
        }
      }
    >
      <div
        className="ant-descriptions"
      >
        <div
          className="ant-descriptions-view"
        >
          <table>
            <tbody>
              <tr
                className="ant-descriptions-row"
              >
                <td
                  className="ant-descriptions-item"
                  colSpan={1}
                >
                  <span
                    className="ant-descriptions-item-content"
                  >
                    Monster corp
                  </span>
                </td>
                <td
                  className="ant-descriptions-item"
                  colSpan={1}
                >
                  <span
                    className="ant-descriptions-item-content"
                  >
                    <button
                      className="ant-btn ant-btn-link"
                      onClick={[Function]}
                      type="button"
                    >
                      <span>
                        http://test.com/home
                      </span>
                    </button>
                  </span>
                </td>
                <td
                  className="ant-descriptions-item"
                  colSpan={1}
                >
                  <span
                    className="ant-descriptions-item-content"
                  >
                    1
                  </span>
                </td>
              </tr>
              <tr
                className="ant-descriptions-row"
              >
                <td
                  className="ant-descriptions-item"
                  colSpan={3}
                >
                  <span
                    className="ant-descriptions-item-content"
                  >
                    5
                  </span>
                </td>
              </tr>
            </tbody>
          </table>
        </div>
      </div>
    </div>
  </div>
  <div
    className="ant-divider ant-divider-horizontal"
    role="separator"
  />
  <div
    className="ant-row"
    style={
      Object {
        "marginBottom": 8,
        "marginLeft": -8,
        "marginRight": -8,
        "marginTop": -8,
      }
    }
  >
    <div
      className="ant-col"
      style={
        Object {
          "paddingBottom": 8,
          "paddingLeft": 8,
          "paddingRight": 8,
          "paddingTop": 8,
        }
      }
    >
      <div
        className="ant-descriptions"
      >
        <div
          className="ant-descriptions-view"
        >
          <table>
            <tbody>
              <tr
                className="ant-descriptions-row"
              >
                <td
                  className="ant-descriptions-item"
                  colSpan={1}
                >
                  <span
                    className="ant-descriptions-item-content"
                  >
                    ReactJS Todo list
                  </span>
                </td>
                <td
                  className="ant-descriptions-item"
                  colSpan={1}
                >
                  
                </td>
                <td
                  className="ant-descriptions-item"
                  colSpan={1}
                >
                  <span
                    className="ant-descriptions-item-content"
                  >
                    <span
                      className="ant-tag ant-tag-geekblue"
                      style={
                        Object {
                          "backgroundColor": undefined,
                        }
                      }
                    >
                      javascript
                    </span>
                  </span>
                </td>
              </tr>
            </tbody>
          </table>
        </div>
      </div>
    </div>
  </div>
</div>
`;
