// Jest Snapshot v1, https://goo.gl/fbAQLP

exports[`render success should match the snapshot 1`] = `
<div>
  <div
    className="ant-page-header ant-page-header-ghost"
  >
    <div
      className="ant-page-header-heading"
    >
      <div
        className="ant-page-header-heading-left"
      >
        <div
          className="ant-page-header-back"
        >
          <div
            aria-label="Back"
            className="ant-page-header-back-button"
            onClick={[Function]}
            onKeyDown={[Function]}
            onKeyUp={[Function]}
            role="button"
            style={
              Object {
                "background": "transparent",
                "border": 0,
                "display": "inline-block",
                "lineHeight": "inherit",
                "padding": 0,
              }
            }
            tabIndex={0}
          >
            <span
              aria-label="arrow-left"
              className="anticon anticon-arrow-left"
              role="img"
            >
              <svg
                aria-hidden="true"
                className=""
                data-icon="arrow-left"
                fill="currentColor"
                focusable="false"
                height="1em"
                viewBox="64 64 896 896"
                width="1em"
              >
                <path
                  d="M872 474H286.9l350.2-304c5.6-4.9 2.2-14-5.2-14h-88.5c-3.9 0-7.6 1.4-10.5 3.9L155 487.8a31.96 31.96 0 000 48.3L535.1 866c1.5 1.3 3.3 2 5.2 2h91.5c7.4 0 10.8-9.2 5.2-14L286.9 550H872c4.4 0 8-3.6 8-8v-60c0-4.4-3.6-8-8-8z"
                />
              </svg>
            </span>
          </div>
        </div>
        <span
          className="ant-page-header-heading-title"
          title="Back to repositories"
        >
          Back to repositories
        </span>
      </div>
    </div>
  </div>
  <div
    className="ant-divider ant-divider-horizontal ant-divider-with-text ant-divider-with-text-left"
    role="separator"
  >
    <span
      className="ant-divider-inner-text"
    >
      Owner
    </span>
  </div>
  <div
    className="ant-row"
    style={Object {}}
  >
    <div
      className="ant-col ant-col-4"
      style={Object {}}
    >
      <div>
        <span
          className="ant-avatar ant-avatar-square ant-avatar-image"
          style={
            Object {
              "fontSize": 18,
              "height": 100,
              "lineHeight": "100px",
              "width": 100,
            }
          }
        >
          <img
            onError={[Function]}
            src="http://test.com/avatar.jpeg"
          />
        </span>
      </div>
    </div>
    <div
      className="ant-col ant-col-10 ant-col-offset-2"
      style={Object {}}
    >
      <div
        className="ant-descriptions"
      >
        <div
          className="ant-descriptions-view"
        >
          <table>
            <tbody>
              <tr
                className="ant-descriptions-row"
              >
                <td
                  className="ant-descriptions-item"
                  colSpan={1}
                >
                  <span
                    className="ant-descriptions-item-content"
                  >
                    Monster corp
                  </span>
                </td>
                <td
                  className="ant-descriptions-item"
                  colSpan={1}
                >
                  <span
                    className="ant-descriptions-item-content"
                  >
                    <button
                      className="ant-btn ant-btn-link"
                      onClick={[Function]}
                      type="button"
                    >
                      <span>
                        http://test.com/home
                      </span>
                    </button>
                  </span>
                </td>
                <td
                  className="ant-descriptions-item"
                  colSpan={1}
                >
                  <span
                    className="ant-descriptions-item-content"
                  >
                    1
                  </span>
                </td>
              </tr>
              <tr
                className="ant-descriptions-row"
              >
                <td
                  className="ant-descriptions-item"
                  colSpan={3}
                >
                  <span
                    className="ant-descriptions-item-content"
                  >
                    5
                  </span>
                </td>
              </tr>
            </tbody>
          </table>
        </div>
      </div>
    </div>
  </div>
  <div
    className="ant-divider ant-divider-horizontal"
    role="separator"
  />
  <div
    className="ant-row"
    style={Object {}}
  >
    <div
      className="ant-col"
      style={Object {}}
    >
      <div
        className="ant-descriptions"
      >
        <div
          className="ant-descriptions-view"
        >
          <table>
            <tbody>
              <tr
                className="ant-descriptions-row"
              >
                <td
                  className="ant-descriptions-item"
                  colSpan={1}
                >
                  <span
                    className="ant-descriptions-item-content"
                  >
                    ReactJS Todo list
                  </span>
                </td>
                <td
                  className="ant-descriptions-item"
                  colSpan={1}
                >
                  
                </td>
                <td
                  className="ant-descriptions-item"
                  colSpan={1}
                >
                  <span
                    className="ant-descriptions-item-content"
                  >
                    <span
                      className="ant-tag ant-tag-geekblue"
                      style={
                        Object {
                          "backgroundColor": undefined,
                        }
                      }
                    >
                      javascript
                    </span>
                  </span>
                </td>
              </tr>
            </tbody>
          </table>
        </div>
      </div>
    </div>
  </div>
</div>
`;
